// Jest Snapshot v1, https://goo.gl/fbAQLP

exports[`renders select unchanged 1`] = `<div />`;
