// Jest Snapshot v1, https://goo.gl/fbAQLP

exports[`renders homepage unchanged 1`] = `
<div>
  <div
    class="css-1gxxz4r"
  >
    <div
      class="css-tvi62e"
    >
      <div
        class="css-1bkgb7h"
      >
        <div
          class="css-soukc5"
        >
          <svg
            class="chakra-icon css-ltjg40"
            focusable="false"
            viewBox="0 0 32 32"
            xmlns="http://www.w3.org/2000/svg"
          >
            <path
              d="M26 16L6 16M6 16L15 7M6 16L15 25"
              stroke="#1E16C1"
              strokeLinecap="round"
              strokeLinejoin="round"
              strokeWidth="2"
            />
          </svg>
          <span
            class="chakra-text css-141yne6"
          >
            Add Payment Method
          </span>
        </div>
        <div
          class="css-1ex591z"
        >
          <form>
            <div
              class="css-1dd5wzm"
            >
              <div
                class="css-1xnzs7r"
              >
                Legal First Name
                <span
                  class="chakra-text css-1b8yx6g"
                >
                   
                  *
                </span>
              </div>
              <input
                class="chakra-input css-13rbvqk"
                id="firstName"
                name="firstName"
                value=""
              />
            </div>
            <div
              class="css-1dd5wzm"
            >
              <div
                class="css-1xnzs7r"
              >
                Legal Last Name
                <span
                  class="chakra-text css-1b8yx6g"
                >
                   
                  *
                </span>
              </div>
              <input
                class="chakra-input css-13rbvqk"
                id="lastName"
                name="lastName"
                value=""
              />
            </div>
            <div
              class="css-1dd5wzm"
            >
              <div
                class="css-1xnzs7r"
              >
                Date of Birth
                <span
                  class="chakra-text css-1b8yx6g"
                >
                   
                  *
                </span>
              </div>
              <div
                class="css-1ulhi5g"
              >
                <div
                  class="css-17eahu8"
                >
                  <div
                    class=" css-n9lnso-SelectContainer"
                  >
                    <span
                      class="css-1f43avz-a11yText-A11yText"
                      id="react-select-:r0:-live-region"
                    />
                    <span
                      aria-atomic="false"
                      aria-live="polite"
                      aria-relevant="additions text"
                      class="css-1f43avz-a11yText-A11yText"
                    />
                    <div
                      class=" css-6o1t9b-control"
                    >
                      <div
                        class=" css-15ki4p9-ValueContainer"
                      >
                        <div
                          class="css-xxdqwu"
                        >
                          <div
                            class="css-138yobv"
                          >
                            DD
                          </div>
                          <div
                            class=" css-1fs6gt4-Input"
                            data-value=""
                          >
                            <input
                              aria-autocomplete="list"
                              aria-describedby="react-select-:r0:-placeholder"
                              aria-expanded="false"
                              aria-haspopup="true"
                              autocapitalize="none"
                              autocomplete="off"
                              autocorrect="off"
                              class=""
                              id="react-select-:r0:-input"
                              role="combobox"
                              spellcheck="false"
                              style="opacity: 1; width: 100%; grid-area: 1 / 2; min-width: 2px; border: 0px; margin: 0px; outline: 0; padding: 0px;"
                              tabindex="0"
                              type="text"
                              value=""
                            />
                          </div>
                        </div>
                      </div>
                      <div
                        class=" css-1hb7zxy-IndicatorsContainer"
                      >
                        <span
                          class=" css-1xjgjl1-IndicatorSeparator"
                        />
                        <svg
                          class="chakra-icon css-h50qoc"
                          focusable="false"
                          viewBox="0 0 20 20"
                          xmlns="http://www.w3.org/2000/svg"
                        >
                          <path
                            d="M16.25 6.875L10 13.125L3.75 6.875"
                            stroke="currentColor"
                            strokeLinecap="round"
                            strokeLinejoin="round"
                            strokeWidth="1.5"
                          />
                        </svg>
                      </div>
                    </div>
                  </div>
                </div>
                <div
                  class="css-17eahu8"
                >
                  <div
                    class=" css-n9lnso-SelectContainer"
                  >
                    <span
                      class="css-1f43avz-a11yText-A11yText"
                      id="react-select-:r1:-live-region"
                    />
                    <span
                      aria-atomic="false"
                      aria-live="polite"
                      aria-relevant="additions text"
                      class="css-1f43avz-a11yText-A11yText"
                    />
                    <div
                      class=" css-6o1t9b-control"
                    >
                      <div
                        class=" css-15ki4p9-ValueContainer"
                      >
                        <div
                          class="css-xxdqwu"
                        >
                          <div
                            class="css-138yobv"
                          >
                            MM
                          </div>
                          <div
                            class=" css-1fs6gt4-Input"
                            data-value=""
                          >
                            <input
                              aria-autocomplete="list"
                              aria-describedby="react-select-:r1:-placeholder"
                              aria-expanded="false"
                              aria-haspopup="true"
                              autocapitalize="none"
                              autocomplete="off"
                              autocorrect="off"
                              class=""
                              id="react-select-:r1:-input"
                              role="combobox"
                              spellcheck="false"
                              style="opacity: 1; width: 100%; grid-area: 1 / 2; min-width: 2px; border: 0px; margin: 0px; outline: 0; padding: 0px;"
                              tabindex="0"
                              type="text"
                              value=""
                            />
                          </div>
                        </div>
                      </div>
                      <div
                        class=" css-1hb7zxy-IndicatorsContainer"
                      >
                        <span
                          class=" css-1xjgjl1-IndicatorSeparator"
                        />
                        <svg
                          class="chakra-icon css-h50qoc"
                          focusable="false"
                          viewBox="0 0 20 20"
                          xmlns="http://www.w3.org/2000/svg"
                        >
                          <path
                            d="M16.25 6.875L10 13.125L3.75 6.875"
                            stroke="currentColor"
                            strokeLinecap="round"
                            strokeLinejoin="round"
                            strokeWidth="1.5"
                          />
                        </svg>
                      </div>
                    </div>
                  </div>
                </div>
                <div
                  class="css-17eahu8"
                >
                  <div
                    class=" css-n9lnso-SelectContainer"
                  >
                    <span
                      class="css-1f43avz-a11yText-A11yText"
                      id="react-select-:r2:-live-region"
                    />
                    <span
                      aria-atomic="false"
                      aria-live="polite"
                      aria-relevant="additions text"
                      class="css-1f43avz-a11yText-A11yText"
                    />
                    <div
                      class=" css-6o1t9b-control"
                    >
                      <div
                        class=" css-15ki4p9-ValueContainer"
                      >
                        <div
                          class="css-xxdqwu"
                        >
                          <div
                            class="css-138yobv"
                          >
                            YYYY
                          </div>
                          <div
                            class=" css-1fs6gt4-Input"
                            data-value=""
                          >
                            <input
                              aria-autocomplete="list"
                              aria-describedby="react-select-:r2:-placeholder"
                              aria-expanded="false"
                              aria-haspopup="true"
                              autocapitalize="none"
                              autocomplete="off"
                              autocorrect="off"
                              class=""
                              id="react-select-:r2:-input"
                              role="combobox"
                              spellcheck="false"
                              style="opacity: 1; width: 100%; grid-area: 1 / 2; min-width: 2px; border: 0px; margin: 0px; outline: 0; padding: 0px;"
                              tabindex="0"
                              type="text"
                              value=""
                            />
                          </div>
                        </div>
                      </div>
                      <div
                        class=" css-1hb7zxy-IndicatorsContainer"
                      >
                        <span
                          class=" css-1xjgjl1-IndicatorSeparator"
                        />
                        <svg
                          class="chakra-icon css-h50qoc"
                          focusable="false"
                          viewBox="0 0 20 20"
                          xmlns="http://www.w3.org/2000/svg"
                        >
                          <path
                            d="M16.25 6.875L10 13.125L3.75 6.875"
                            stroke="currentColor"
                            strokeLinecap="round"
                            strokeLinejoin="round"
                            strokeWidth="1.5"
                          />
                        </svg>
                      </div>
                    </div>
                  </div>
                </div>
              </div>
            </div>
            <div
              class="css-1dd5wzm"
            >
              <div
                class="css-qhhr1q"
              >
                Gender
                <span
                  class="chakra-text css-1b8yx6g"
                >
                   
                  *
                </span>
              </div>
              <div
                class="css-1a3i73t"
              >
                <div
                  class="css-15s5pib"
                >
                  <p
                    class="chakra-text css-1a4koi3"
                  >
                    Male
                  </p>
                </div>
                <div
                  class="css-15s5pib"
                >
                  <p
                    class="chakra-text css-1a4koi3"
                  >
                    Female
                  </p>
                </div>
                <div
                  class="css-15s5pib"
                >
                  <p
                    class="chakra-text css-1a4koi3"
                  >
                    Other
                  </p>
                </div>
              </div>
            </div>
            <div
              class="css-1dd5wzm"
            >
              <div
                class="css-1xnzs7r"
              >
                Nationality
                <span
                  class="chakra-text css-1b8yx6g"
                >
                   
                  *
                </span>
              </div>
              <div
                class="css-ytg8w7"
              >
                <div
                  class="css-s2ct51"
                >
                  <div
                    class=" css-n9lnso-SelectContainer"
                  >
                    <span
                      class="css-1f43avz-a11yText-A11yText"
                      id="react-select-:r3:-live-region"
                    />
                    <span
                      aria-atomic="false"
                      aria-live="polite"
                      aria-relevant="additions text"
                      class="css-1f43avz-a11yText-A11yText"
                    />
                    <div
                      class=" css-6o1t9b-control"
                    >
                      <div
                        class=" css-15ki4p9-ValueContainer"
                      >
                        <div
                          class="css-xxdqwu"
                        >
                          <div
                            class="css-138yobv"
                          >
                            Select...
                          </div>
                          <div
                            class=" css-1fs6gt4-Input"
                            data-value=""
                          >
                            <input
                              aria-autocomplete="list"
                              aria-describedby="react-select-:r3:-placeholder"
                              aria-expanded="false"
                              aria-haspopup="true"
                              autocapitalize="none"
                              autocomplete="off"
                              autocorrect="off"
                              class=""
                              id="react-select-:r3:-input"
                              role="combobox"
                              spellcheck="false"
                              style="opacity: 1; width: 100%; grid-area: 1 / 2; min-width: 2px; border: 0px; margin: 0px; outline: 0; padding: 0px;"
                              tabindex="0"
                              type="text"
                              value=""
                            />
                          </div>
                        </div>
                      </div>
                      <div
                        class=" css-1hb7zxy-IndicatorsContainer"
                      >
                        <span
                          class=" css-1xjgjl1-IndicatorSeparator"
                        />
                        <svg
                          class="chakra-icon css-h50qoc"
                          focusable="false"
                          viewBox="0 0 20 20"
                          xmlns="http://www.w3.org/2000/svg"
                        >
                          <path
                            d="M16.25 6.875L10 13.125L3.75 6.875"
                            stroke="currentColor"
                            strokeLinecap="round"
                            strokeLinejoin="round"
                            strokeWidth="1.5"
                          />
                        </svg>
                      </div>
                    </div>
                  </div>
                </div>
              </div>
            </div>
            <div
              class="css-1dd5wzm"
            >
              <div
                class="css-1xnzs7r"
              >
                My Story
                <span
                  class="chakra-text css-1b8yx6g"
                >
                   
                  *
                </span>
              </div>
              <p
                class="chakra-text css-1f5yt9g"
              >
                This is the first thing potential patrons will see when they land on your page, so make sure you paint a compelling picture of how they can join you on this journey.
              </p>
              <textarea
                class="chakra-textarea css-1puq9p5"
                id="myStory"
                name="myStory"
                placeholder="Lorem ipsum dolor sit amet, consectetur adipiscing elit, sed do eiusmod tempor incididunt ut labore et dolore magna aliqua."
                style="padding-left: 0px; border-radius: 0; border-color: #adadad;"
              />
            </div>
            <button
              class="chakra-button css-1ydnnxh"
              type="submit"
            >
              SAVE
            </button>
          </form>
        </div>
      </div>
    </div>
  </div>
</div>
`;
