// Jest Snapshot v1, https://goo.gl/fbAQLP

exports[`renders homepage unchanged 1`] = `
<div>
  <div
    class="css-79elbk"
  >
    <div
      class="css-13co1gz"
    >
      <div
        class="css-eafid9"
      >
        <svg
          class="chakra-icon css-nug9sg"
          focusable="false"
          max-height="24"
          max-width="24"
          viewBox="0 0 24 24"
          xmlns="http://www.w3.org/2000/svg"
        >
          <path
            d="M21.4241 4.57087C20.3021 3.14491 18.8708 1.99252 17.2382 1.20069C15.6056 0.408859 13.8145 -0.00170108 12 5.29732e-06C8.42126 5.29732e-06 5.72835 0.809597 3.52935 3.29421C1.65676 5.41053 0 8.95169 0 12C0 15.4091 1.48175 18.5218 3.7645 20.7058C5.91947 22.7674 10.194 24 13.412 24C17.3386 24 19.9284 21.5047 22.1178 18.5884C23.621 16.5838 24 14.7004 24 12C24.0037 9.30382 23.0956 6.68561 21.423 4.57087M15.3125 14.2409C13.3797 17.0938 10.3346 18.4027 8.50501 17.1646C6.67538 15.9266 6.75591 12.611 8.6854 9.75591C10.6149 6.90086 13.6632 5.59414 15.4928 6.83215C17.3225 8.07015 17.2419 11.3858 15.3125 14.2409Z"
            fill="currentColor"
          />
        </svg>
      </div>
      <div
        class="chakra-input__group css-bx0blc"
      >
        <div
          class="chakra-input__left-element css-1u2k0bl"
        >
          <svg
            class="chakra-icon css-1jhziqh"
            focusable="false"
            viewBox="0 0 18 18"
            xmlns="http://www.w3.org/2000/svg"
          >
            <path
              d="M16.5 16.5L11.5 11.5M13.1667 7.33333C13.1667 10.555 10.555 13.1667 7.33333 13.1667C4.11167 13.1667 1.5 10.555 1.5 7.33333C1.5 4.11167 4.11167 1.5 7.33333 1.5C10.555 1.5 13.1667 4.11167 13.1667 7.33333Z"
              stroke="currentColor"
              stroke-linecap="round"
              stroke-linejoin="round"
              stroke-width="1.5"
            />
          </svg>
        </div>
        <input
          class="chakra-input css-16cgzid"
          placeholder="Find your heros"
          type="text"
          value=""
        />
      </div>
    </div>
  </div>
</div>
`;
