// Jest Snapshot v1, https://goo.gl/fbAQLP

exports[`FileUpload renders file upload 1`] = `
<div>
  <label
    class="chakra-button css-t7n79d"
    data-testid="file-upload"
  >
    upload image
    <input
      accept="image/jpeg,image/png"
      data-testid="file-input"
      hidden=""
      type="file"
    />
    <span
      class="chakra-button__icon css-1hzyiq5"
    >
      <svg
        fill="none"
        height="20"
        viewBox="0 0 21 20"
        width="21"
        xmlns="http://www.w3.org/2000/svg"
      >
        <path
          d="M3.83398 13.3332L3.83398 14.1665C3.83398 15.5472 4.95327 16.6665 6.33398 16.6665L14.6673 16.6665C16.048 16.6665 17.1673 15.5472 17.1673 14.1665L17.1673 13.3332M13.834 6.6665L10.5006 3.33317M10.5006 3.33317L7.16732 6.6665M10.5006 3.33317L10.5006 13.3332"
          stroke="#D2FFFA"
          stroke-linecap="round"
          stroke-linejoin="round"
          stroke-width="1.5"
        />
      </svg>
    </span>
  </label>
</div>
`;
