// Jest Snapshot v1, https://goo.gl/fbAQLP

exports[`renders homepage unchanged 1`] = `
<div>
  <div
    class="css-0"
  >
    <div
      class="css-1fwkvq8"
    >
      <div
        class="chakra-input__group css-bx0blc"
      >
        <div
          class="chakra-input__left-element css-dyheo2"
        >
          <svg
            class="chakra-icon css-1n4zmxg"
            focusable="false"
            viewBox="0 0 18 18"
            xmlns="http://www.w3.org/2000/svg"
          >
            <path
              d="M16.5 16.5L11.5 11.5M13.1667 7.33333C13.1667 10.555 10.555 13.1667 7.33333 13.1667C4.11167 13.1667 1.5 10.555 1.5 7.33333C1.5 4.11167 4.11167 1.5 7.33333 1.5C10.555 1.5 13.1667 4.11167 13.1667 7.33333Z"
              stroke="currentColor"
              strokeLinecap="round"
              strokeLinejoin="round"
              strokeWidth="1.5"
            />
          </svg>
        </div>
        <input
          class="chakra-input css-1kfcnoc"
          placeholder="Search Fans"
          type="text"
        />
      </div>
    </div>
  </div>
</div>
`;
