// Jest Snapshot v1, https://goo.gl/fbAQLP

exports[`renders homepage unchanged 1`] = `
<div>
  <div
    class="css-1updty1"
  >
    <div
      class="css-iwomsf"
    >
      <div
        class="css-0"
      >
        <svg
          class="chakra-icon css-1tuorrv"
          focusable="false"
          viewBox="0 0 32 32"
          xmlns="http://www.w3.org/2000/svg"
        >
          <path
            d="M8.5 23.5V20.1667M8.5 20.1667V10.1667C8.5 9.24619 9.24619 8.5 10.1667 8.5H15.5833L16.4167 9.33333H23.5L21 14.3333L23.5 19.3333H16.4167L15.5833 18.5H10.1667C9.24619 18.5 8.5 19.2462 8.5 20.1667ZM16 8.91667V13.5"
            stroke="currentColor"
            stroke-linecap="round"
            stroke-linejoin="round"
            stroke-width="1.5"
          />
          <rect
            height="31"
            rx="5.5"
            stroke="currentColor"
            width="31"
            x="0.5"
            y="0.5"
          />
        </svg>
      </div>
      <div
        class="css-1rr4qq7"
      >
        <h2
          class="chakra-heading css-1x1z8k8"
        >
          Page Information
        </h2>
        <p
          class="chakra-text css-1acxzk7"
        >
          Make sure you paint a compelling picture of how they can join you on this journey.
        </p>
      </div>
      <div
        class="css-fr60pb"
      >
        <svg
          class="chakra-icon css-1tuorrv"
          focusable="false"
          viewBox="0 0 33 34"
          xmlns="http://www.w3.org/2000/svg"
        >
          <rect
            fill="currentColor"
            height="33"
            rx="16.5"
            width="33"
            y="0.5"
          />
          <path
            d="M10 17.5L14 21.5L24 11.5"
            stroke="white"
            stroke-linecap="round"
            stroke-linejoin="round"
            stroke-width="2"
          />
        </svg>
      </div>
    </div>
  </div>
</div>
`;
