// Jest Snapshot v1, https://goo.gl/fbAQLP

exports[`renders homepage unchanged 1`] = `
<div>
  <div
    class="css-0"
  >
    <div
      class="css-1dwxvej"
    >
      <div
        class="chakra-container css-0"
      >
        <div
          class="css-69i1ev"
        >
          <a
            href="/"
          >
            <svg
              class="chakra-icon css-o0g6r1"
              focusable="false"
              viewBox="0 0 323 64"
              xmlns="http://www.w3.org/2000/svg"
            >
              <path
                d="M0 62.8114V14.2171C0 6.35429 6.27721 0 14.0447 0V21.6686C16.8446 17.7371 22.038 15.4057 27.9087 15.4057C38.7019 15.4057 44.9791 22.4 44.9791 34.4229V62.8114H31.0248V37.8514C31.0248 32.0457 27.8636 28.2971 23.0315 28.2971C17.4768 28.2971 13.9544 31.9543 13.9544 37.6686V62.8114H0Z"
                fill="#D2FFFA"
              />
              <path
                d="M51.9338 39.7717C51.9338 25.4631 61.4626 15.4517 75.146 15.4517C89.3713 15.4517 98.2678 24.9145 98.2678 39.8631V43.4288L65.3463 43.6117C66.1592 49.6917 69.501 52.5259 75.6879 52.5259C78.4426 52.5259 80.7909 51.9774 82.507 51.0174C86.8875 48.5488 91.8551 47.3145 96.913 47.3145H98.4484C96.8227 57.5088 87.8359 64.0459 75.4169 64.0459C61.7335 64.0002 51.9338 53.8974 51.9338 39.7717ZM65.5269 34.8802H84.4037C84.4037 30.0345 80.8813 26.8802 75.2363 26.8802C69.6816 26.9259 66.6108 29.3945 65.5269 34.8802Z"
                fill="#D2FFFA"
              />
              <path
                d="M137.15 30.2173H132.725C124.732 30.2173 119.945 33.783 119.945 42.8801V48.6858C119.945 56.503 113.667 62.8116 105.99 62.8116V17.0058H119.132L119.854 23.8173C121.751 19.3373 125.77 16.2744 131.822 16.2744C133.447 16.2744 135.254 16.4573 137.196 16.9144V30.2173H137.15Z"
                fill="#D2FFFA"
              />
              <path
                d="M192.697 48.3199C197.709 48.3199 202.541 49.8742 206.877 52.4342C208.006 53.0742 209.451 53.4399 211.302 53.4399C215.638 53.4399 217.67 51.8856 217.67 49.5085C217.67 48.1371 216.947 46.6742 213.606 45.9428L205.251 44.1142C196.896 42.2856 192.832 38.5828 192.832 30.5371C192.832 20.9828 200.916 15.4971 211.799 15.4971C222.321 15.4971 229.682 21.7599 229.682 30.9942H228.237C223.27 30.9942 218.528 29.3028 214.328 26.6056C213.515 26.0571 212.431 25.7828 211.167 25.7828C208.006 25.7828 205.974 27.4285 205.974 29.8971C205.974 31.9999 207.69 33.1885 210.851 33.9199L219.296 35.7485C226.747 37.3942 230.811 40.8685 230.811 48.2285C230.811 58.0571 222.547 64.0456 210.76 64.0456C198.793 64.0456 191.251 57.5999 191.251 48.3199H192.697Z"
                fill="#D2FFFA"
              />
              <path
                d="M182.581 25.0971C178.381 19.7028 171.833 16.2285 164.472 16.2285C157.608 16.2285 152.414 17.7828 148.214 22.6285C144.602 26.7428 141.44 33.5999 141.44 39.5428C141.44 46.1714 144.285 52.2057 148.666 56.4571C152.821 60.4799 160.995 62.8571 167.182 62.8571C174.723 62.8571 179.691 58.0114 183.891 52.3428C186.781 48.4571 187.503 44.7999 187.503 39.5428C187.503 34.1028 185.652 29.0742 182.581 25.0971ZM170.839 43.8857C167.136 49.4171 161.266 51.9771 157.788 49.5542C154.266 47.1314 154.446 40.6857 158.15 35.1542C161.853 29.6228 167.723 27.0628 171.201 29.4857C174.678 31.9085 174.543 38.3542 170.839 43.8857Z"
                fill="#D2FFFA"
              />
              <path
                d="M240.024 47.3143V38.9028H244.089C245.94 38.9028 246.663 39.8628 246.663 41.0514C246.663 42.4685 245.398 42.9257 244.134 43.0171C246.256 43.1085 246.979 43.9314 246.979 45.12C246.979 46.6743 245.85 47.3143 244.089 47.3143H240.024ZM241.786 40.5028V42.2857H243.637C244.315 42.2857 244.766 42.0571 244.766 41.3714C244.766 40.6857 244.315 40.4571 243.592 40.4571H241.786V40.5028ZM241.786 43.7485V45.7143H243.773C244.721 45.7143 245.127 45.3943 245.127 44.7085C245.127 44.0228 244.631 43.7485 243.818 43.7485H241.786Z"
                fill="#D2FFFA"
              />
              <path
                d="M249.824 47.3143V44.4343L246.663 38.9028H248.921L249.914 41.0057L250.727 42.9257L251.585 41.0057L252.624 38.9028H254.746L251.585 44.4343V47.3143H249.824Z"
                fill="#D2FFFA"
              />
              <path
                d="M257.862 47.3143V38.9028H263.869V40.5028H259.624V42.56H263.146V44.16H259.624V47.3143H257.862Z"
                fill="#D2FFFA"
              />
              <path
                d="M263.327 47.3143L266.443 38.9028H268.701L271.817 47.3143H269.875L269.197 45.44H265.856L265.178 47.3143H263.327ZM266.398 43.9314H268.656L268.023 42.1485L267.527 40.3657L267.03 42.1485L266.398 43.9314Z"
                fill="#D2FFFA"
              />
              <path
                d="M272.223 47.3143V38.9028H273.939L276.875 43.2914L277.642 44.6171L277.507 42.6514V38.9028H279.268V47.3143H277.597L274.571 42.88L273.849 41.6457L273.984 43.7028V47.3143H272.223Z"
                fill="#D2FFFA"
              />
              <path
                d="M280.171 45.6685L281.346 44.2971C281.887 45.3485 283.107 45.8056 284.1 45.8056C284.823 45.8056 285.32 45.5771 285.32 44.9828C285.32 44.3428 284.778 44.1142 283.694 43.8856L282.881 43.7028C281.616 43.4285 280.397 42.8799 280.397 41.2799C280.397 39.6342 281.797 38.7656 283.468 38.7656C285.049 38.7656 286.268 39.3599 286.991 40.3656L285.771 41.7371C285.229 40.8685 284.281 40.3656 283.287 40.3656C282.655 40.3656 282.204 40.6399 282.204 41.1428C282.204 41.7371 282.745 41.9656 283.604 42.1942L284.552 42.4228C286.087 42.7885 287.171 43.4285 287.171 44.9371C287.171 46.5371 285.816 47.4056 284.055 47.4056C282.429 47.4056 280.939 46.9028 280.171 45.6685Z"
                fill="#D2FFFA"
              />
              <path
                d="M240.024 60.6172V52.2515H246.031V53.8515H241.786V55.9086H245.308V57.5086H241.786V60.6172H240.024Z"
                fill="#D2FFFA"
              />
              <path
                d="M246.347 56.4114C246.347 53.9885 248.063 52.1143 250.501 52.1143C252.985 52.1143 254.656 53.9885 254.656 56.4114C254.656 58.8343 252.94 60.7085 250.501 60.7085C248.063 60.7543 246.347 58.8343 246.347 56.4114ZM252.805 56.4114C252.805 54.9028 252.037 53.8514 250.501 53.8514C248.966 53.8514 248.198 54.9485 248.198 56.4114C248.198 57.92 248.966 58.9714 250.501 58.9714C252.082 59.0171 252.805 57.92 252.805 56.4114Z"
                fill="#D2FFFA"
              />
              <path
                d="M255.74 60.617V52.2056H259.578C261.385 52.2056 262.694 53.0284 262.694 54.8113C262.694 56.3199 261.701 57.0513 260.346 57.2341C261.023 57.417 261.34 57.8284 261.701 58.4227L263.01 60.617H260.978L259.578 58.2399C259.262 57.6913 258.901 57.4627 258.178 57.4627H257.546V60.617H255.74ZM257.546 53.8513V56.0456H259.578C260.346 56.0456 260.888 55.7256 260.888 54.9484C260.888 54.1256 260.346 53.8513 259.578 53.8513H257.546Z"
                fill="#D2FFFA"
              />
              <path
                d="M265.63 60.617L268.746 52.2056H271.004L274.12 60.617H272.178L271.501 58.7427H268.159L267.481 60.617H265.63ZM268.701 57.2341H270.959L270.326 55.4513L269.83 53.6684L269.333 55.4513L268.701 57.2341Z"
                fill="#D2FFFA"
              />
              <path
                d="M275.61 60.6172V53.8515H273.126V52.2515H279.855V53.8515H277.371V60.6172H275.61Z"
                fill="#D2FFFA"
              />
              <path
                d="M280.352 60.6172V52.2515H282.113V55.5886H285.681V52.2515H287.442V60.6172H285.681V57.1886H282.113V60.6172H280.352Z"
                fill="#D2FFFA"
              />
              <path
                d="M288.978 60.6172V52.2515H290.784V59.0629H294.893V60.6172H288.978Z"
                fill="#D2FFFA"
              />
              <path
                d="M295.526 60.6172V52.2515H301.622V53.8515H297.287V55.5886H300.9V57.1886H297.287V59.0629H301.622V60.6172H295.526Z"
                fill="#D2FFFA"
              />
              <path
                d="M304.377 60.6172V53.8515H301.893V52.2515H308.622V53.8515H306.138V60.6172H304.377Z"
                fill="#D2FFFA"
              />
              <path
                d="M309.119 60.6172V52.2515H315.17V53.8515H310.88V55.5886H314.493V57.1886H310.88V59.0629H315.17V60.6172H309.119Z"
                fill="#D2FFFA"
              />
              <path
                d="M315.712 59.0171L316.886 57.6457C317.428 58.6971 318.647 59.1543 319.641 59.1543C320.363 59.1543 320.86 58.9257 320.86 58.3314C320.86 57.6914 320.318 57.4628 319.234 57.2343L318.422 57.0514C317.157 56.7771 315.938 56.2285 315.938 54.6285C315.938 52.9828 317.338 52.1143 319.009 52.1143C320.589 52.1143 321.809 52.7085 322.531 53.7143L321.312 55.0857C320.77 54.2171 319.821 53.7143 318.828 53.7143C318.196 53.7143 317.744 53.9885 317.744 54.4914C317.744 55.0857 318.286 55.3143 319.144 55.5428L320.092 55.7714C321.628 56.1371 322.712 56.7771 322.712 58.2857C322.712 59.8857 321.357 60.7543 319.596 60.7543C317.97 60.7543 316.48 60.2514 315.712 59.0171Z"
                fill="#D2FFFA"
              />
            </svg>
          </a>
          <div
            class="css-k008qs"
          >
            <a
              href="/sign-in"
            >
              <button
                class="chakra-button css-a59dda"
                type="button"
              >
                SIGN IN
              </button>
            </a>
            <a
              href="/joining-as"
            >
              <button
                class="chakra-button css-wyukvx"
                type="button"
              >
                SIGN UP
              </button>
            </a>
          </div>
        </div>
      </div>
    </div>
  </div>
</div>
`;
