// Jest Snapshot v1, https://goo.gl/fbAQLP

exports[`renders homepage unchanged 1`] = `
<div>
  <div
    class="css-35b87d"
  >
    <div
      class="css-gfl415"
    >
      <div
        class="css-0"
      >
        <h2
          class="chakra-heading css-fgoswi"
        >
          Sign up as an Athlete
        </h2>
        <div
          class="css-1r2f04i"
        >
          <span
            class="chakra-text css-1g108vh"
          >
            Not an athlete?
          </span>
          <a
            href="/fan/sign-up"
          >
            <span
              class="chakra-text css-78p1va"
            >
              Sign up as fan here
            </span>
          </a>
        </div>
        <p
          class="chakra-text css-7fyyeq"
        >
          with socials
        </p>
        <div
          class="css-cfo0ad"
        >
          <svg
            class="chakra-icon css-1mt901b"
            focusable="false"
            viewBox="0 0 33 32"
            xmlns="http://www.w3.org/2000/svg"
          >
            <path
              d="M32.5 16C32.5 7.16344 25.3366 0 16.5 0C7.66344 0 0.5 7.16344 0.5 16C0.5 23.9859 6.35094 30.6053 14 31.8056V20.625H9.9375V16H14V12.475C14 8.465 16.3888 6.25 20.0434 6.25C21.7934 6.25 23.625 6.5625 23.625 6.5625V10.5H21.6075C19.62 10.5 19 11.7334 19 13V16H23.4375L22.7281 20.625H19V31.8056C26.6491 30.6053 32.5 23.9859 32.5 16Z"
              fill="currentColor"
            />
          </svg>
          <svg
            class="chakra-icon css-1mt901b"
            focusable="false"
            viewBox="0 0 24 24"
            xmlns="http://www.w3.org/2000/svg"
          >
            <path
              clip-rule="evenodd"
              d="M16.232 7.32731C15.1486 6.31445 13.7028 5.76268 12.2068 5.78535C9.46935 5.78535 7.14445 7.59562 6.31549 10.0333C5.87596 11.3107 5.87596 12.6939 6.31549 13.9713H6.31934C7.15214 16.4052 9.4732 18.2155 12.2107 18.2155C13.6237 18.2155 14.8369 17.8612 15.7771 17.2354V17.2329C16.8836 16.5148 17.6393 15.3848 17.8745 14.1074H12.2068V10.1467H22.1041C22.2275 10.8345 22.2853 11.5375 22.2853 12.2367C22.2853 15.365 21.1447 18.0099 19.1602 19.8012L19.1623 19.8028C17.4234 21.375 15.0368 22.2858 12.2068 22.2858C8.23941 22.2858 4.61132 20.0938 2.83004 16.6206C1.3418 13.7143 1.34181 10.2903 2.83006 7.38402C4.61133 3.90707 8.23941 1.71505 12.2068 1.71505C14.8132 1.68481 17.3309 2.64476 19.2278 4.39079L16.232 7.32731Z"
              fill="currentColor"
              fillRule="evenodd"
            />
          </svg>
        </div>
        <p
          class="chakra-text css-4qsdi6"
        >
          Or with email
        </p>
        <form>
          <div
            class="css-iskddk"
          >
            <input
              class="chakra-input css-1gssj7e"
              id="email"
              name="email"
              placeholder="Email address"
              value=""
            />
            <label
              class="chakra-checkbox css-e2849d"
            >
              <input
                class="chakra-checkbox__input"
                style="border: 0px; clip: rect(0px, 0px, 0px, 0px); height: 1px; width: 1px; margin: -1px; padding: 0px; overflow: hidden; white-space: nowrap; position: absolute;"
                type="checkbox"
                value=""
              />
              <span
                aria-hidden="true"
                class="chakra-checkbox__control css-dnty2r"
              />
              <span
                class="chakra-checkbox__label css-1oeb2oe"
              >
                <div
                  class="css-e9k318"
                >
                  <span
                    class="chakra-text css-0"
                  >
                    I agree to 
                  </span>
                  <a
                    href="undefined/term-of-service"
                  >
                    <span
                      class="chakra-text css-q4ss7u"
                    >
                      Herosâ€™s Terms & Conditions
                    </span>
                  </a>
                  <span
                    class="chakra-text css-0"
                  >
                     and 
                  </span>
                  <a
                    href="undefined/privacy-policy"
                  >
                    <span
                      class="chakra-text css-q4ss7u"
                    >
                      Privacy & Cookie Policy
                    </span>
                  </a>
                </div>
              </span>
            </label>
          </div>
          <button
            class="chakra-button css-y7y23k"
            disabled=""
            type="submit"
          >
            Continue with email
          </button>
        </form>
        <div
          class="css-504jus"
        >
          <span
            class="chakra-text css-1n8nngx"
          >
            Already have an account?
          </span>
          <a
            href="/sign-in"
          >
            <span
              class="chakra-text css-131fbkz"
            >
              Sign in here
            </span>
          </a>
        </div>
      </div>
    </div>
  </div>
</div>
`;
