// Jest Snapshot v1, https://goo.gl/fbAQLP

exports[`renders subscribe content section unchanged 1`] = `
<div>
  <div
    class="css-1vwpc76"
  >
    <div
      class="css-5bd7x2"
    >
      <p
        class="chakra-text css-1tdozh"
      >
        Subcribe to exclusive content!
      </p>
      <p
        class="chakra-text css-13oolba"
      >
        You can view fan-only posts and interact with all
         
        <b>
          â€™s 
        </b>
        content once you are a sucbriber.
      </p>
    </div>
    <div
      class="css-1onq7gh"
    >
      <a
        class="chakra-link css-1kjg9rc"
      >
        Subscribe
      </a>
    </div>
  </div>
</div>
`;
